error 1:16 [@stylistic/comma-spacing] A space is required after ','.