describe('something', () => {
  it('should render something', () => {
    expect(1).toBe(1)
  })

  it('do something', () => {
    expect(1).toBe(1)
  })
})
