import React from 'react'
import b from 'b'

import a from './a'

import 'c'

void a
void b
void React
