error 1:1 [levitate/sort-imports] Expected this import statement to be placed after "./a".