// Jest Snapshot v1, https://goo.gl/fbAQLP

exports[`react generates the same ESLint configuration file 1`] = `
"{
  \\"parser\\": \\"babel-eslint\\",
  \\"parserOptions\\": {
    \\"sourceType\\": \\"module\\",
    \\"ecmaFeatures\\": {
      \\"jsx\\": true
    }
  },
  \\"env\\": {
    \\"browser\\": true,
    \\"node\\": true,
    \\"es2020\\": true
  },
  \\"globals\\": {
    \\"document\\": \\"readonly\\",
    \\"navigator\\": \\"readonly\\",
    \\"window\\": \\"readonly\\"
  },
  \\"plugins\\": [
    \\"eslint-plugin-import\\",
    \\"eslint-plugin-levitate\\",
    \\"eslint-plugin-node\\",
    \\"eslint-plugin-promise\\",
    \\"eslint-plugin-react\\",
    \\"eslint-plugin-react-hooks\\",
    \\"eslint-plugin-unicorn\\"
  ],
  \\"rules\\": {
    \\"array-bracket-newline\\": [
      \\"error\\",
      \\"consistent\\"
    ],
    \\"array-bracket-spacing\\": [
      \\"error\\",
      \\"never\\"
    ],
    \\"array-element-newline\\": [
      \\"error\\",
      \\"consistent\\"
    ],
    \\"arrow-spacing\\": \\"error\\",
    \\"block-spacing\\": [
      \\"error\\",
      \\"always\\"
    ],
    \\"brace-style\\": \\"error\\",
    \\"camelcase\\": \\"warn\\",
    \\"comma-dangle\\": [
      \\"error\\",
      \\"always-multiline\\"
    ],
    \\"comma-spacing\\": [
      \\"error\\",
      {
        \\"before\\": false,
        \\"after\\": true
      }
    ],
    \\"comma-style\\": [
      \\"error\\",
      \\"last\\"
    ],
    \\"computed-property-spacing\\": [
      \\"error\\",
      \\"never\\"
    ],
    \\"constructor-super\\": \\"error\\",
    \\"curly\\": [
      \\"error\\",
      \\"all\\"
    ],
    \\"dot-location\\": [
      \\"error\\",
      \\"property\\"
    ],
    \\"dot-notation\\": [
      \\"error\\",
      {
        \\"allowKeywords\\": true
      }
    ],
    \\"eol-last\\": \\"error\\",
    \\"eqeqeq\\": [
      \\"error\\",
      \\"always\\",
      {
        \\"null\\": \\"ignore\\"
      }
    ],
    \\"func-call-spacing\\": [
      \\"error\\",
      \\"never\\"
    ],
    \\"generator-star-spacing\\": [
      \\"error\\",
      \\"after\\"
    ],
    \\"handle-callback-err\\": [
      \\"error\\",
      \\"error\\"
    ],
    \\"indent\\": [
      \\"error\\",
      2,
      {
        \\"SwitchCase\\": 1
      }
    ],
    \\"key-spacing\\": [
      \\"error\\",
      {
        \\"beforeColon\\": false,
        \\"afterColon\\": true
      }
    ],
    \\"keyword-spacing\\": [
      \\"error\\",
      {
        \\"before\\": true,
        \\"after\\": true
      }
    ],
    \\"lines-between-class-members\\": [
      \\"error\\",
      \\"always\\",
      {
        \\"exceptAfterSingleLine\\": true
      }
    ],
    \\"max-nested-callbacks\\": [
      \\"error\\",
      4
    ],
    \\"max-statements-per-line\\": [
      \\"error\\",
      {
        \\"max\\": 1
      }
    ],
    \\"new-cap\\": [
      \\"error\\",
      {
        \\"newIsCap\\": true,
        \\"capIsNew\\": false,
        \\"properties\\": true
      }
    ],
    \\"new-parens\\": \\"error\\",
    \\"no-array-constructor\\": \\"error\\",
    \\"no-async-promise-executor\\": \\"error\\",
    \\"no-compare-neg-zero\\": \\"error\\",
    \\"no-cond-assign\\": \\"error\\",
    \\"no-confusing-arrow\\": \\"error\\",
    \\"no-constant-condition\\": [
      \\"error\\",
      {
        \\"checkLoops\\": false
      }
    ],
    \\"no-control-regex\\": \\"error\\",
    \\"no-debugger\\": \\"error\\",
    \\"no-delete-var\\": \\"error\\",
    \\"no-dupe-args\\": \\"error\\",
    \\"no-dupe-class-members\\": \\"error\\",
    \\"no-dupe-keys\\": \\"error\\",
    \\"no-duplicate-case\\": \\"error\\",
    \\"no-empty\\": \\"error\\",
    \\"no-empty-character-class\\": \\"error\\",
    \\"no-empty-pattern\\": \\"error\\",
    \\"no-eval\\": \\"error\\",
    \\"no-ex-assign\\": \\"error\\",
    \\"no-extend-native\\": \\"error\\",
    \\"no-extra-bind\\": \\"error\\",
    \\"no-extra-boolean-cast\\": \\"error\\",
    \\"no-extra-parens\\": [
      \\"error\\",
      \\"functions\\"
    ],
    \\"no-fallthrough\\": \\"error\\",
    \\"no-func-assign\\": \\"error\\",
    \\"no-global-assign\\": \\"error\\",
    \\"no-implicit-coercion\\": [
      \\"error\\",
      {
        \\"allow\\": [
          \\"!!\\"
        ]
      }
    ],
    \\"no-implied-eval\\": \\"error\\",
    \\"no-inner-declarations\\": [
      \\"error\\",
      \\"functions\\"
    ],
    \\"no-invalid-regexp\\": \\"error\\",
    \\"no-irregular-whitespace\\": \\"error\\",
    \\"no-iterator\\": \\"error\\",
    \\"no-labels\\": [
      \\"error\\",
      {
        \\"allowLoop\\": false,
        \\"allowSwitch\\": false
      }
    ],
    \\"no-lone-blocks\\": \\"error\\",
    \\"no-misleading-character-class\\": \\"error\\",
    \\"no-mixed-spaces-and-tabs\\": \\"error\\",
    \\"no-multi-spaces\\": \\"error\\",
    \\"no-multi-str\\": \\"error\\",
    \\"no-multiple-empty-lines\\": [
      \\"error\\",
      {
        \\"max\\": 1,
        \\"maxBOF\\": 0,
        \\"maxEOF\\": 1
      }
    ],
    \\"no-negated-in-lhs\\": \\"error\\",
    \\"no-nested-ternary\\": \\"error\\",
    \\"no-new\\": \\"error\\",
    \\"no-new-func\\": \\"error\\",
    \\"no-new-object\\": \\"error\\",
    \\"no-new-require\\": \\"error\\",
    \\"no-new-symbol\\": \\"error\\",
    \\"no-new-wrappers\\": \\"error\\",
    \\"no-obj-calls\\": \\"error\\",
    \\"no-octal\\": \\"error\\",
    \\"no-octal-escape\\": \\"error\\",
    \\"no-path-concat\\": \\"error\\",
    \\"no-proto\\": \\"error\\",
    \\"no-prototype-builtins\\": \\"error\\",
    \\"no-redeclare\\": [
      \\"error\\",
      {
        \\"builtinGlobals\\": false
      }
    ],
    \\"no-regex-spaces\\": \\"error\\",
    \\"no-return-assign\\": [
      \\"error\\",
      \\"except-parens\\"
    ],
    \\"no-return-await\\": \\"error\\",
    \\"no-self-assign\\": [
      \\"error\\",
      {
        \\"props\\": true
      }
    ],
    \\"no-self-compare\\": \\"error\\",
    \\"no-sequences\\": \\"error\\",
    \\"no-shadow-restricted-names\\": \\"error\\",
    \\"no-sparse-arrays\\": \\"error\\",
    \\"no-template-curly-in-string\\": \\"warn\\",
    \\"no-this-before-super\\": \\"error\\",
    \\"no-throw-literal\\": \\"error\\",
    \\"no-trailing-spaces\\": \\"error\\",
    \\"no-undef\\": \\"error\\",
    \\"no-undef-init\\": \\"error\\",
    \\"no-unexpected-multiline\\": \\"error\\",
    \\"no-unmodified-loop-condition\\": \\"error\\",
    \\"no-unneeded-ternary\\": [
      \\"error\\",
      {
        \\"defaultAssignment\\": false
      }
    ],
    \\"no-unreachable\\": \\"error\\",
    \\"no-unsafe-finally\\": \\"error\\",
    \\"no-unsafe-negation\\": \\"error\\",
    \\"no-unused-expressions\\": [
      \\"error\\",
      {
        \\"allowShortCircuit\\": true,
        \\"allowTernary\\": true,
        \\"allowTaggedTemplates\\": true
      }
    ],
    \\"no-unused-vars\\": [
      \\"error\\",
      {
        \\"vars\\": \\"all\\",
        \\"args\\": \\"none\\",
        \\"ignoreRestSiblings\\": true
      }
    ],
    \\"no-use-before-define\\": [
      \\"error\\",
      {
        \\"functions\\": false,
        \\"classes\\": false,
        \\"variables\\": false
      }
    ],
    \\"no-useless-call\\": \\"error\\",
    \\"no-useless-catch\\": \\"error\\",
    \\"no-useless-computed-key\\": \\"error\\",
    \\"no-useless-concat\\": \\"error\\",
    \\"no-useless-rename\\": \\"error\\",
    \\"no-useless-return\\": \\"error\\",
    \\"no-var\\": \\"error\\",
    \\"no-void\\": \\"error\\",
    \\"no-whitespace-before-property\\": \\"error\\",
    \\"no-with\\": \\"error\\",
    \\"object-curly-newline\\": [
      \\"error\\",
      {
        \\"ObjectExpression\\": {
          \\"multiline\\": true,
          \\"consistent\\": true
        },
        \\"ObjectPattern\\": \\"never\\",
        \\"ImportDeclaration\\": \\"never\\",
        \\"ExportDeclaration\\": {
          \\"multiline\\": true,
          \\"consistent\\": true
        }
      }
    ],
    \\"object-curly-spacing\\": [
      \\"error\\",
      \\"always\\"
    ],
    \\"object-property-newline\\": \\"error\\",
    \\"object-shorthand\\": [
      \\"error\\",
      \\"properties\\"
    ],
    \\"operator-linebreak\\": [
      \\"error\\",
      \\"after\\",
      {
        \\"overrides\\": {
          \\"?\\": \\"before\\",
          \\":\\": \\"before\\",
          \\"|>\\": \\"before\\"
        }
      }
    ],
    \\"padding-line-between-statements\\": [
      \\"error\\",
      {
        \\"blankLine\\": \\"always\\",
        \\"prev\\": \\"directive\\",
        \\"next\\": \\"*\\"
      },
      {
        \\"blankLine\\": \\"always\\",
        \\"prev\\": \\"*\\",
        \\"next\\": \\"block-like\\"
      },
      {
        \\"blankLine\\": \\"never\\",
        \\"prev\\": [
          \\"singleline-const\\",
          \\"singleline-let\\",
          \\"singleline-var\\"
        ],
        \\"next\\": \\"block-like\\"
      },
      {
        \\"blankLine\\": \\"never\\",
        \\"prev\\": \\"case\\",
        \\"next\\": \\"case\\"
      },
      {
        \\"blankLine\\": \\"always\\",
        \\"prev\\": \\"block-like\\",
        \\"next\\": \\"*\\"
      },
      {
        \\"blankLine\\": \\"always\\",
        \\"prev\\": \\"*\\",
        \\"next\\": [
          \\"function\\",
          \\"try\\"
        ]
      },
      {
        \\"blankLine\\": \\"always\\",
        \\"prev\\": \\"expression\\",
        \\"next\\": [
          \\"const\\",
          \\"let\\",
          \\"var\\",
          \\"export\\",
          \\"cjs-export\\",
          \\"return\\",
          \\"throw\\",
          \\"break\\",
          \\"continue\\"
        ]
      }
    ],
    \\"prefer-arrow-callback\\": \\"error\\",
    \\"prefer-const\\": \\"error\\",
    \\"prefer-promise-reject-errors\\": \\"error\\",
    \\"quote-props\\": [
      \\"error\\",
      \\"as-needed\\"
    ],
    \\"quotes\\": [
      \\"error\\",
      \\"single\\"
    ],
    \\"rest-spread-spacing\\": [
      \\"error\\",
      \\"never\\"
    ],
    \\"semi\\": [
      \\"error\\",
      \\"never\\"
    ],
    \\"semi-spacing\\": [
      \\"error\\",
      {
        \\"before\\": false,
        \\"after\\": true
      }
    ],
    \\"space-before-blocks\\": [
      \\"error\\",
      \\"always\\"
    ],
    \\"space-before-function-paren\\": [
      \\"error\\",
      {
        \\"anonymous\\": \\"never\\",
        \\"named\\": \\"never\\",
        \\"asyncArrow\\": \\"always\\"
      }
    ],
    \\"space-in-parens\\": [
      \\"error\\",
      \\"never\\"
    ],
    \\"space-infix-ops\\": \\"error\\",
    \\"space-unary-ops\\": [
      \\"error\\",
      {
        \\"words\\": true,
        \\"nonwords\\": false
      }
    ],
    \\"spaced-comment\\": [
      \\"error\\",
      \\"always\\",
      {
        \\"line\\": {
          \\"markers\\": [
            \\"*package\\",
            \\"!\\",
            \\"/\\",
            \\",\\",
            \\"=\\"
          ]
        },
        \\"block\\": {
          \\"balanced\\": true,
          \\"markers\\": [
            \\"*package\\",
            \\"!\\",
            \\",\\",
            \\":\\",
            \\"::\\",
            \\"flow-include\\"
          ],
          \\"exceptions\\": [
            \\"*\\"
          ]
        }
      }
    ],
    \\"symbol-description\\": \\"error\\",
    \\"template-curly-spacing\\": [
      \\"error\\",
      \\"never\\"
    ],
    \\"template-tag-spacing\\": [
      \\"error\\",
      \\"never\\"
    ],
    \\"unicode-bom\\": [
      \\"error\\",
      \\"never\\"
    ],
    \\"use-isnan\\": \\"error\\",
    \\"valid-typeof\\": [
      \\"error\\",
      {
        \\"requireStringLiterals\\": true
      }
    ],
    \\"wrap-iife\\": [
      \\"error\\",
      \\"any\\",
      {
        \\"functionPrototypeMethods\\": true
      }
    ],
    \\"yield-star-spacing\\": [
      \\"error\\",
      \\"after\\"
    ],
    \\"yoda\\": [
      \\"error\\",
      \\"never\\"
    ],
    \\"import/export\\": \\"error\\",
    \\"import/first\\": \\"error\\",
    \\"import/named\\": \\"error\\",
    \\"import/no-absolute-path\\": [
      \\"error\\",
      {
        \\"esmodule\\": true,
        \\"commonjs\\": true,
        \\"amd\\": false
      }
    ],
    \\"import/no-duplicates\\": \\"error\\",
    \\"import/no-named-default\\": \\"error\\",
    \\"import/no-useless-path-segments\\": \\"error\\",
    \\"levitate/comment\\": \\"warn\\",
    \\"levitate/sort-imports\\": [
      \\"error\\",
      \\"manta\\"
    ],
    \\"node/no-deprecated-api\\": \\"warn\\",
    \\"node/process-exit-as-throw\\": \\"error\\",
    \\"promise/param-names\\": \\"error\\",
    \\"unicorn/catch-error-name\\": [
      \\"error\\",
      {
        \\"name\\": \\"error\\"
      }
    ],
    \\"unicorn/error-message\\": \\"error\\",
    \\"unicorn/escape-case\\": \\"error\\",
    \\"unicorn/explicit-length-check\\": [
      \\"error\\",
      {
        \\"non-zero\\": \\"greater-than\\"
      }
    ],
    \\"unicorn/import-index\\": \\"error\\",
    \\"unicorn/no-for-loop\\": \\"error\\",
    \\"unicorn/no-unreadable-array-destructuring\\": \\"error\\",
    \\"unicorn/number-literal-case\\": \\"error\\",
    \\"unicorn/prefer-event-key\\": \\"error\\",
    \\"unicorn/throw-new-error\\": \\"error\\",
    \\"jsx-quotes\\": [
      \\"error\\",
      \\"prefer-double\\"
    ],
    \\"react/destructuring-assignment\\": [
      \\"warn\\",
      \\"never\\"
    ],
    \\"react/forbid-foreign-prop-types\\": \\"error\\",
    \\"react/forbid-prop-types\\": [
      \\"error\\",
      {
        \\"forbid\\": [
          \\"any\\"
        ]
      }
    ],
    \\"react/jsx-boolean-value\\": \\"error\\",
    \\"react/jsx-closing-bracket-location\\": [
      \\"error\\",
      \\"tag-aligned\\"
    ],
    \\"react/jsx-closing-tag-location\\": \\"error\\",
    \\"react/jsx-curly-brace-presence\\": [
      \\"error\\",
      {
        \\"props\\": \\"never\\",
        \\"children\\": \\"never\\"
      }
    ],
    \\"react/jsx-curly-newline\\": [
      \\"error\\",
      {
        \\"multiline\\": \\"consistent\\",
        \\"singleline\\": \\"consistent\\"
      }
    ],
    \\"react/jsx-curly-spacing\\": [
      \\"error\\",
      {
        \\"attributes\\": {
          \\"when\\": \\"never\\"
        },
        \\"children\\": {
          \\"when\\": \\"never\\"
        },
        \\"allowMultiline\\": true
      }
    ],
    \\"react/jsx-equals-spacing\\": [
      \\"error\\",
      \\"never\\"
    ],
    \\"react/jsx-first-prop-new-line\\": [
      \\"error\\",
      \\"multiline\\"
    ],
    \\"react/jsx-fragments\\": [
      \\"error\\",
      \\"element\\"
    ],
    \\"react/jsx-indent\\": [
      \\"error\\",
      2,
      {
        \\"checkAttributes\\": true,
        \\"indentLogicalExpressions\\": true
      }
    ],
    \\"react/jsx-indent-props\\": [
      \\"error\\",
      2
    ],
    \\"react/jsx-key\\": \\"error\\",
    \\"react/jsx-max-props-per-line\\": [
      \\"error\\",
      {
        \\"maximum\\": 1,
        \\"when\\": \\"multiline\\"
      }
    ],
    \\"react/jsx-no-duplicate-props\\": \\"error\\",
    \\"react/jsx-no-target-blank\\": [
      \\"error\\",
      {
        \\"enforceDynamicLinks\\": \\"always\\"
      }
    ],
    \\"react/jsx-no-undef\\": \\"error\\",
    \\"react/jsx-pascal-case\\": [
      \\"error\\",
      {
        \\"allowAllCaps\\": false
      }
    ],
    \\"react/jsx-props-no-multi-spaces\\": \\"error\\",
    \\"react/jsx-sort-props\\": [
      \\"error\\",
      {
        \\"callbacksLast\\": true,
        \\"ignoreCase\\": true,
        \\"noSortAlphabetically\\": true,
        \\"reservedFirst\\": [
          \\"key\\",
          \\"ref\\"
        ]
      }
    ],
    \\"react/jsx-tag-spacing\\": [
      \\"error\\",
      {
        \\"closingSlash\\": \\"never\\",
        \\"beforeSelfClosing\\": \\"always\\",
        \\"afterOpening\\": \\"never\\",
        \\"beforeClosing\\": \\"never\\"
      }
    ],
    \\"react/jsx-uses-react\\": \\"error\\",
    \\"react/jsx-uses-vars\\": \\"error\\",
    \\"react/jsx-wrap-multilines\\": \\"error\\",
    \\"react/no-access-state-in-setstate\\": \\"error\\",
    \\"react/no-children-prop\\": \\"error\\",
    \\"react/no-danger-with-children\\": \\"error\\",
    \\"react/no-deprecated\\": \\"warn\\",
    \\"react/no-direct-mutation-state\\": \\"error\\",
    \\"react/no-redundant-should-component-update\\": \\"error\\",
    \\"react/no-string-refs\\": \\"error\\",
    \\"react/no-typos\\": \\"error\\",
    \\"react/react-in-jsx-scope\\": \\"error\\",
    \\"react/require-render-return\\": \\"error\\",
    \\"react/self-closing-comp\\": \\"error\\",
    \\"react/sort-comp\\": [
      \\"error\\",
      {
        \\"order\\": [
          \\"constructor\\",
          \\"lifecycle\\",
          \\"everything-else\\",
          \\"/^on.+$/\\",
          \\"/^render.+$/\\",
          \\"render\\"
        ]
      }
    ],
    \\"react-hooks/rules-of-hooks\\": \\"error\\",
    \\"react-hooks/exhaustive-deps\\": \\"warn\\"
  },
  \\"settings\\": {
    \\"react\\": {
      \\"pragma\\": \\"React\\",
      \\"version\\": \\"detect\\"
    }
  }
}
"
`;

exports[`react generates the same package.json 1`] = `
"{
  \\"name\\": \\"react\\",
  \\"version\\": \\"1.0.0\\",
  \\"dependencies\\": {
    \\"react\\": \\"17.0.2\\"
  },
  \\"devDependencies\\": {
    \\"babel-eslint\\": \\"^10.1.0\\",
    \\"eslint\\": \\"^7.24.0\\",
    \\"eslint-plugin-import\\": \\"^2.22.1\\",
    \\"eslint-plugin-levitate\\": \\"^3.8.6\\",
    \\"eslint-plugin-node\\": \\"^11.1.0\\",
    \\"eslint-plugin-react\\": \\"^7.23.2\\",
    \\"eslint-plugin-react-hooks\\": \\"^4.2.0\\",
    \\"eslint-plugin-unicorn\\": \\"^29.0.0\\"
  }
}
"
`;

exports[`react yields the same linting results 1`] = `
"
C:\\\\Users\\\\User\\\\Documents\\\\GitHub\\\\high-standard\\\\test\\\\react\\\\MyComponent.js
  4:10  error  Empty components are self-closing  react/self-closing-comp

✖ 1 problem (1 error, 0 warnings)
  1 error and 0 warnings potentially fixable with the \`--fix\` option.

"
`;
