error 1:1 [@stylistic/quotes] Strings must use singlequote.
error 1:13 [@stylistic/semi] Extra semicolon.
error 2:1 [@stylistic/padding-line-between-statements] Expected blank line before this statement.
error 2:32 [@stylistic/quotes] Strings must use singlequote.
error 2:62 [@stylistic/semi] Extra semicolon.
error 3:1 [@stylistic/padding-line-between-statements] Expected blank line before this statement.
error 3:136 [@stylistic/semi] Extra semicolon.
error 4:1 [@stylistic/padding-line-between-statements] Expected blank line before this statement.
error 4:23 [@stylistic/semi] Extra semicolon.
error 7:32 [@stylistic/semi] Extra semicolon.
error 8:1 [@stylistic/padding-line-between-statements] Expected blank line before this statement.
error 8:1 [no-var] Unexpected var, use let or const instead.
error 9:10 [@stylistic/space-before-function-paren] Unexpected space before function parentheses.
error 10:57 [@stylistic/semi] Extra semicolon.
error 11:1 [@stylistic/padding-line-between-statements] Expected blank line before this statement.
error 12:1 [@stylistic/indent] Expected indentation of 2 spaces but found 4.
error 13:1 [@stylistic/indent] Expected indentation of 2 spaces but found 4.
error 14:1 [@stylistic/indent] Expected indentation of 2 spaces but found 4.
warn 14:5 [camelcase] Identifier 'snake_case' is not in camel case.
error 15:1 [@stylistic/indent] Expected indentation of 2 spaces but found 4.
error 16:1 [@stylistic/indent] Expected indentation of 2 spaces but found 4.
error 17:1 [@stylistic/indent] Expected indentation of 2 spaces but found 4.
error 18:2 [@stylistic/semi] Extra semicolon.
error 21:34 [@stylistic/semi] Extra semicolon.
error 22:1 [@stylistic/padding-line-between-statements] Expected blank line before this statement.
error 22:1 [no-var] Unexpected var, use let or const instead.
error 23:10 [@stylistic/space-before-function-paren] Unexpected space before function parentheses.
error 24:1 [@stylistic/indent] Expected indentation of 2 spaces but found 4.
error 24:29 [dot-notation] ["camelCase"] is better written in dot notation.
error 24:29 [@stylistic/quotes] Strings must use singlequote.
error 24:49 [@stylistic/quotes] Strings must use singlequote.
error 24:60 [@stylistic/semi] Extra semicolon.
error 25:1 [@stylistic/indent] Expected indentation of 2 spaces but found 4.
error 25:29 [dot-notation] ["PascalCase"] is better written in dot notation.
error 25:29 [@stylistic/quotes] Strings must use singlequote.
error 25:50 [@stylistic/quotes] Strings must use singlequote.
error 25:62 [@stylistic/semi] Extra semicolon.
error 26:60 [@stylistic/semi] Extra semicolon.
error 27:1 [@stylistic/padding-line-between-statements] Expected blank line before this statement.
error 27:10 [no-unused-vars] 'PascalCase8' is defined but never used.
error 28:1 [@stylistic/padding-line-between-statements] Expected blank line before this statement.
error 28:7 [no-unused-vars] 'Y' is assigned a value but never used.
error 29:1 [@stylistic/indent] Expected indentation of 2 spaces but found 4.
error 30:1 [@stylistic/indent] Expected indentation of 2 spaces but found 4.
error 31:1 [@stylistic/indent] Expected indentation of 2 spaces but found 4.
warn 31:5 [camelcase] Identifier 'snake_case' is not in camel case.
error 32:1 [@stylistic/indent] Expected indentation of 2 spaces but found 4.
error 33:2 [@stylistic/semi] Extra semicolon.
error 34:1 [no-var] Unexpected var, use let or const instead.
error 35:10 [@stylistic/space-before-function-paren] Unexpected space before function parentheses.
error 36:44 [@stylistic/semi] Extra semicolon.
error 37:1 [@stylistic/padding-line-between-statements] Expected blank line before this statement.
error 37:1 [no-var] Unexpected var, use let or const instead.
error 38:10 [@stylistic/space-before-function-paren] Unexpected space before function parentheses.
error 39:42 [@stylistic/semi] Extra semicolon.
error 40:1 [@stylistic/padding-line-between-statements] Expected blank line before this statement.
warn 40:9 [camelcase] Identifier 'no_Check' is not in camel case.
error 40:9 [no-unused-vars] 'no_Check' is assigned a value but never used.
warn 40:24 [camelcase] Identifier 'no_Check' is not in camel case.
error 40:37 [@stylistic/semi] Extra semicolon.